0.126: Application time: 0.0279053 seconds s
{Heap before GC invocations=1 (full 0):
 PSYoungGen      total 6656K, used 6144K [0x00000000ff900000, 0x0000000100000000, 0x0000000100000000)
  eden space 6144K, 100% used [0x00000000ff900000,0x00000000fff00000,0x00000000fff00000)
  from space 512K, 0% used [0x00000000fff80000,0x00000000fff80000,0x0000000100000000)
  to   space 512K, 0% used [0x00000000fff00000,0x00000000fff00000,0x00000000fff80000)
 ParOldGen       total 13312K, used 0K [0x00000000fec00000, 0x00000000ff900000, 0x00000000ff900000)
  object space 13312K, 0% used [0x00000000fec00000,0x00000000fec00000,0x00000000ff900000)
 PSPermGen       total 21504K, used 2502K [0x00000000f9a00000, 0x00000000faf00000, 0x00000000fec00000)
  object space 21504K, 11% used [0x00000000f9a00000,0x00000000f9c71908,0x00000000faf00000)
0.126: [GC [PSYoungGen: 6144K->504K(6656K)] 6144K->5549K(19968K), 0.0065533 secs] [Times: user=0.00 sys=0.00, real=0.00 secs] 
Heap after GC invocations=1 (full 0):
 PSYoungGen      total 6656K, used 504K [0x00000000ff900000, 0x0000000100000000, 0x0000000100000000)
  eden space 6144K, 0% used [0x00000000ff900000,0x00000000ff900000,0x00000000fff00000)
  from space 512K, 98% used [0x00000000fff00000,0x00000000fff7e010,0x00000000fff80000)
  to   space 512K, 0% used [0x00000000fff80000,0x00000000fff80000,0x0000000100000000)
 ParOldGen       total 13312K, used 5045K [0x00000000fec00000, 0x00000000ff900000, 0x00000000ff900000)
  object space 13312K, 37% used [0x00000000fec00000,0x00000000ff0ed7b0,0x00000000ff900000)
 PSPermGen       total 21504K, used 2502K [0x00000000f9a00000, 0x00000000faf00000, 0x00000000fec00000)
  object space 21504K, 11% used [0x00000000f9a00000,0x00000000f9c71908,0x00000000faf00000)
}
0.133: Total time for which application threads were stopped: 0.0067860 seconds
0.134: Application time: 0.0011753 seconds
{Heap before GC invocations=2 (full 0):
 PSYoungGen      total 6656K, used 6648K [0x00000000ff900000, 0x0000000100000000, 0x0000000100000000)
  eden space 6144K, 100% used [0x00000000ff900000,0x00000000fff00000,0x00000000fff00000)
  from space 512K, 98% used [0x00000000fff00000,0x00000000fff7e010,0x00000000fff80000)
  to   space 512K, 0% used [0x00000000fff80000,0x00000000fff80000,0x0000000100000000)
 ParOldGen       total 13312K, used 5045K [0x00000000fec00000, 0x00000000ff900000, 0x00000000ff900000)
  object space 13312K, 37% used [0x00000000fec00000,0x00000000ff0ed7b0,0x00000000ff900000)
 PSPermGen       total 21504K, used 2505K [0x00000000f9a00000, 0x00000000faf00000, 0x00000000fec00000)
  object space 21504K, 11% used [0x00000000f9a00000,0x00000000f9c72488,0x00000000faf00000)
0.134: [GC [PSYoungGen: 6648K->512K(6656K)] 11693K->11015K(19968K), 0.0066440 secs] [Times: user=0.05 sys=0.02, real=0.02 secs] 
Heap after GC invocations=2 (full 0):
 PSYoungGen      total 6656K, used 512K [0x00000000ff900000, 0x0000000100000000, 0x0000000100000000)
  eden space 6144K, 0% used [0x00000000ff900000,0x00000000ff900000,0x00000000fff00000)
  from space 512K, 100% used [0x00000000fff80000,0x0000000100000000,0x0000000100000000)
  to   space 512K, 0% used [0x00000000fff00000,0x00000000fff00000,0x00000000fff80000)
 ParOldGen       total 13312K, used 10503K [0x00000000fec00000, 0x00000000ff900000, 0x00000000ff900000)
  object space 13312K, 78% used [0x00000000fec00000,0x00000000ff641cc8,0x00000000ff900000)
 PSPermGen       total 21504K, used 2505K [0x00000000f9a00000, 0x00000000faf00000, 0x00000000fec00000)
  object space 21504K, 11% used [0x00000000f9a00000,0x00000000f9c72488,0x00000000faf00000)
}
{Heap before GC invocations=3 (full 1):
 PSYoungGen      total 6656K, used 512K [0x00000000ff900000, 0x0000000100000000, 0x0000000100000000)
  eden space 6144K, 0% used [0x00000000ff900000,0x00000000ff900000,0x00000000fff00000)
  from space 512K, 100% used [0x00000000fff80000,0x0000000100000000,0x0000000100000000)
  to   space 512K, 0% used [0x00000000fff00000,0x00000000fff00000,0x00000000fff80000)
 ParOldGen       total 13312K, used 10503K [0x00000000fec00000, 0x00000000ff900000, 0x00000000ff900000)
  object space 13312K, 78% used [0x00000000fec00000,0x00000000ff641cc8,0x00000000ff900000)
 PSPermGen       total 21504K, used 2505K [0x00000000f9a00000, 0x00000000faf00000, 0x00000000fec00000)
  object space 21504K, 11% used [0x00000000f9a00000,0x00000000f9c72488,0x00000000faf00000)
0.141: [Full GC [PSYoungGen: 512K->0K(6656K)] [ParOldGen: 10503K->10628K(13312K)] 11015K->10628K(19968K) [PSPermGen: 2505K->2504K(21504K)], 0.0490483 secs] [Times: user=0.14 sys=0.00, real=0.05 secs] 
Heap after GC invocations=3 (full 1):
 PSYoungGen      total 6656K, used 0K [0x00000000ff900000, 0x0000000100000000, 0x0000000100000000)
  eden space 6144K, 0% used [0x00000000ff900000,0x00000000ff900000,0x00000000fff00000)
  from space 512K, 0% used [0x00000000fff80000,0x00000000fff80000,0x0000000100000000)
  to   space 512K, 0% used [0x00000000fff00000,0x00000000fff00000,0x00000000fff80000)
 ParOldGen       total 13312K, used 10628K [0x00000000fec00000, 0x00000000ff900000, 0x00000000ff900000)
  object space 13312K, 79% used [0x00000000fec00000,0x00000000ff661208,0x00000000ff900000)
 PSPermGen       total 21504K, used 2504K [0x00000000f9a00000, 0x00000000faf00000, 0x00000000fec00000)
  object space 21504K, 11% used [0x00000000f9a00000,0x00000000f9c72100,0x00000000faf00000)
}
0.190: Total time for which application threads were stopped: 0.0560486 seconds
0.191: Application time: 0.0012468 seconds
{Heap before GC invocations=4 (full 2):
 PSYoungGen      total 6656K, used 6144K [0x00000000ff900000, 0x0000000100000000, 0x0000000100000000)
  eden space 6144K, 100% used [0x00000000ff900000,0x00000000fff00000,0x00000000fff00000)
  from space 512K, 0% used [0x00000000fff80000,0x00000000fff80000,0x0000000100000000)
  to   space 512K, 0% used [0x00000000fff00000,0x00000000fff00000,0x00000000fff80000)
 ParOldGen       total 13312K, used 10628K [0x00000000fec00000, 0x00000000ff900000, 0x00000000ff900000)
  object space 13312K, 79% used [0x00000000fec00000,0x00000000ff661208,0x00000000ff900000)
 PSPermGen       total 21504K, used 2504K [0x00000000f9a00000, 0x00000000faf00000, 0x00000000fec00000)
  object space 21504K, 11% used [0x00000000f9a00000,0x00000000f9c72100,0x00000000faf00000)
0.192: [Full GC [PSYoungGen: 6144K->3070K(6656K)] [ParOldGen: 10628K->13073K(13312K)] 16772K->16143K(19968K) [PSPermGen: 2504K->2504K(21504K)], 0.0446918 secs] [Times: user=0.08 sys=0.00, real=0.05 secs] 
Heap after GC invocations=4 (full 2):
 PSYoungGen      total 6656K, used 3070K [0x00000000ff900000, 0x0000000100000000, 0x0000000100000000)
  eden space 6144K, 49% used [0x00000000ff900000,0x00000000ffbff9e8,0x00000000fff00000)
  from space 512K, 0% used [0x00000000fff80000,0x00000000fff80000,0x0000000100000000)
  to   space 512K, 0% used [0x00000000fff00000,0x00000000fff00000,0x00000000fff80000)
 ParOldGen       total 13312K, used 13073K [0x00000000fec00000, 0x00000000ff900000, 0x00000000ff900000)
  object space 13312K, 98% used [0x00000000fec00000,0x00000000ff8c4590,0x00000000ff900000)
 PSPermGen       total 21504K, used 2504K [0x00000000f9a00000, 0x00000000faf00000, 0x00000000fec00000)
  object space 21504K, 11% used [0x00000000f9a00000,0x00000000f9c72100,0x00000000faf00000)
}
0.236: Total time for which application threads were stopped: 0.0448897 seconds
Heap
 PSYoungGen      total 6656K, used 4168K [0x00000000ff900000, 0x0000000100000000, 0x0000000100000000)
  eden space 6144K, 67% used [0x00000000ff900000,0x00000000ffd123a0,0x00000000fff00000)
  from space 512K, 0% used [0x00000000fff80000,0x00000000fff80000,0x0000000100000000)
  to   space 512K, 0% used [0x00000000fff00000,0x00000000fff00000,0x00000000fff80000)
 ParOldGen       total 13312K, used 13073K [0x00000000fec00000, 0x00000000ff900000, 0x00000000ff900000)
  object space 13312K, 98% used [0x00000000fec00000,0x00000000ff8c4590,0x00000000ff900000)
 PSPermGen       total 21504K, used 2511K [0x00000000f9a00000, 0x00000000faf00000, 0x00000000fec00000)
  object space 21504K, 11% used [0x00000000f9a00000,0x00000000f9c73c50,0x00000000faf00000)
0.237: Application time: 0.0006207 seconds
